npx : ts-jest[config] (WARN) [94mmessage[0m[90m TS151001: [0mIf you have issues related to imports, you should consider 
setting `esModuleInterop` to `true` in your TypeScript configuration file (usually `tsconfig.json`). See 
https://blogs.msdn.microsoft.com/typescript/2018/01/31/announcing-typescript-2-7/#easier-ecmascript-module-interoperability 
for more information.
At line:1 char:1
+ npx jest src/tests/parser.test.ts --verbose > test_output.txt 2>&1
+ ~~~~~~~~~~~~~~~~~~~~~~~~~~~~~~~~~~~~~~~~~~~~~~~~~~~~~~~~~~~~~~~~~~
    + CategoryInfo          : NotSpecified: (ts-jest[config]...re information.:String) [], RemoteException
    + FullyQualifiedErrorId : NativeCommandError
 
FAIL src/tests/parser.test.ts
  Transaction Parser
    ΓêÜ Correctly parses Standard Bank Format (5 ms)
    ΓêÜ Correctly parses Uber/Payment App Format (2 ms)
    ├ù Correctly parses Messy Format (4 ms)
    ΓêÜ Returns failure for empty or invalid text
    ΓêÜ Result structure contains consistent confidence field

  ΓùÅ Transaction Parser ΓÇ║ Correctly parses Messy Format

    expect(received).toBe(expected) // Object.is equality

    Expected: "2025-12-10"
    Received: "2025-12-09"

    [0m [90m 54 |[39m         expect(result[33m.[39mdata)[33m.[39mtoBeDefined()[33m;[39m
     [90m 55 |[39m         [36mif[39m (result[33m.[39mdata) {
    [31m[1m>[22m[39m[90m 56 |[39m             
expect(result[33m.[39mdata[33m.[39mdate[33m.[39mtoISOString()[33m.[39mslice([35m0[39m[33m,[39m 
[35m10[39m))[33m.[39mtoBe([32m'2025-12-10'[39m)[33m;[39m
     [90m    |[39m                                                                 [31m[1m^[22m[39m
     [90m 57 |[39m             
expect(result[33m.[39mdata[33m.[39mamount)[33m.[39mtoBe([33m-[39m[35m2999.00[39m)[33m;[39m [90m// Dr = 
negative[39m
     [90m 58 |[39m             expect(result[33m.[39mdata[33m.[39mbalance)[33m.[39mtoBe([35m14171.50[39m)[33m;[39m
     [90m 59 |[39m             [90m// Description extraction might vary slightly but should contain Amazon[39m[0m

      at Object.<anonymous> (src/tests/parser.test.ts:56:65)

Test Suites: 1 failed, 1 total
Tests:       1 failed, 4 passed, 5 total
Snapshots:   0 total
Time:        2.032 s, estimated 3 s
Ran all test suites matching src/tests/parser.test.ts.
Force exiting Jest: Have you considered using `--detectOpenHandles` to detect async operations that kept running after all 
tests finished?
